2023/01/01 11:12:27 [crit] 9608#10476: *1 GetFileAttributesEx() "C:\Users\H261529\Project\BHP\server	emplates" failed (123: The filename, directory name, or volume label syntax is incorrect), client: 127.0.0.1, server: localhost, request: "GET / HTTP/1.1", host: "localhost:8070"
2023/01/01 11:12:27 [crit] 9608#10476: *4 CreateFile() "C:\Users\H261529\Project\BHP\server	emplates/robots.txt" failed (123: The filename, directory name, or volume label syntax is incorrect), client: 127.0.0.1, server: localhost, request: "GET /robots.txt?1672551747024 HTTP/1.1", host: "localhost:8070"
2023/01/01 11:14:45 [crit] 9440#5336: *1 GetFileAttributesEx() "C:\Users\H261529\Project	ools
ginx\html" failed (123: The filename, directory name, or volume label syntax is incorrect), client: 127.0.0.1, server: localhost, request: "GET / HTTP/1.1", host: "localhost:8070"
2023/01/01 11:14:46 [crit] 9440#5336: *4 CreateFile() "C:\Users\H261529\Project	ools
ginx\html/robots.txt" failed (123: The filename, directory name, or volume label syntax is incorrect), client: 127.0.0.1, server: localhost, request: "GET /robots.txt?1672551886007 HTTP/1.1", host: "localhost:8070"
2023/01/01 11:14:47 [crit] 9440#5336: *2 GetFileAttributesEx() "C:\Users\H261529\Project	ools
ginx\html" failed (123: The filename, directory name, or volume label syntax is incorrect), client: 127.0.0.1, server: localhost, request: "GET / HTTP/1.1", host: "localhost:8070"
2023/01/01 11:14:47 [crit] 9440#5336: *5 CreateFile() "C:\Users\H261529\Project	ools
ginx\html/robots.txt" failed (123: The filename, directory name, or volume label syntax is incorrect), client: 127.0.0.1, server: localhost, request: "GET /robots.txt?1672551887131 HTTP/1.1", host: "localhost:8070"
2023/01/01 11:15:08 [crit] 9440#5336: *3 GetFileAttributesEx() "C:\Users\H261529\Project	ools
ginx\html" failed (123: The filename, directory name, or volume label syntax is incorrect), client: 127.0.0.1, server: localhost, request: "GET / HTTP/1.1", host: "localhost:8070"
2023/01/01 11:15:08 [crit] 9440#5336: *7 CreateFile() "C:\Users\H261529\Project	ools
ginx\html/robots.txt" failed (123: The filename, directory name, or volume label syntax is incorrect), client: 127.0.0.1, server: localhost, request: "GET /robots.txt?1672551908665 HTTP/1.1", host: "localhost:8070"
2023/01/01 11:16:05 [crit] 3744#15460: *1 GetFileAttributesEx() "C:\Users\H261529\Project	ools
ginx\html" failed (123: The filename, directory name, or volume label syntax is incorrect), client: 127.0.0.1, server: localhost, request: "GET / HTTP/1.1", host: "localhost:8070"
2023/01/01 11:16:05 [crit] 3744#15460: *4 CreateFile() "C:\Users\H261529\Project	ools
ginx\html/robots.txt" failed (123: The filename, directory name, or volume label syntax is incorrect), client: 127.0.0.1, server: localhost, request: "GET /robots.txt?1672551965238 HTTP/1.1", host: "localhost:8070"
2023/01/01 11:16:11 [crit] 3744#15460: *2 GetFileAttributesEx() "C:\Users\H261529\Project	ools
ginx\html" failed (123: The filename, directory name, or volume label syntax is incorrect), client: 127.0.0.1, server: localhost, request: "GET / HTTP/1.1", host: "localhost:8070"
2023/01/01 11:16:11 [crit] 3744#15460: *5 CreateFile() "C:\Users\H261529\Project	ools
ginx\html/robots.txt" failed (123: The filename, directory name, or volume label syntax is incorrect), client: 127.0.0.1, server: localhost, request: "GET /robots.txt?1672551971867 HTTP/1.1", host: "localhost:8070"
2023/01/01 11:16:13 [crit] 3744#15460: *3 GetFileAttributesEx() "C:\Users\H261529\Project	ools
ginx\html" failed (123: The filename, directory name, or volume label syntax is incorrect), client: 127.0.0.1, server: localhost, request: "GET / HTTP/1.1", host: "localhost:8070"
2023/01/01 11:16:13 [crit] 3744#15460: *7 CreateFile() "C:\Users\H261529\Project	ools
ginx\html/robots.txt" failed (123: The filename, directory name, or volume label syntax is incorrect), client: 127.0.0.1, server: localhost, request: "GET /robots.txt?1672551973419 HTTP/1.1", host: "localhost:8070"
2023/01/01 12:10:26 [error] 1048#7616: *4 CreateFile() "C:\Users\H261529\Project\tools\nginx/html/robots.txt" failed (2: The system cannot find the file specified), client: 127.0.0.1, server: localhost, request: "GET /robots.txt?1672555226491 HTTP/1.1", host: "localhost:8070"
2023/01/01 12:14:16 [error] 18344#13244: *4 CreateFile() "C:\Users\H261529\Project\BHP\clint/robots.txt" failed (2: The system cannot find the file specified), client: 127.0.0.1, server: localhost, request: "GET /robots.txt?1672555455898 HTTP/1.1", host: "localhost:8070"
2023/01/01 14:32:54 [error] 18344#13244: *9 CreateFile() "C:\Users\H261529\Project\BHP\clint/robots.txt" failed (2: The system cannot find the file specified), client: 127.0.0.1, server: localhost, request: "GET /robots.txt?1672563774197 HTTP/1.1", host: "localhost:8070"
2023/01/01 14:32:56 [error] 18344#13244: *9 CreateFile() "C:\Users\H261529\Project\BHP\clint/robots.txt" failed (2: The system cannot find the file specified), client: 127.0.0.1, server: localhost, request: "GET /robots.txt?1672563776810 HTTP/1.1", host: "localhost:8070"
2023/01/01 17:53:58 [error] 18344#13244: *14 CreateFile() "C:\Users\H261529\Project\BHP\clint/robots.txt" failed (2: The system cannot find the file specified), client: 127.0.0.1, server: localhost, request: "GET /robots.txt?1672575837863 HTTP/1.1", host: "localhost:8070"
2023/01/01 17:54:00 [error] 18344#13244: *14 CreateFile() "C:\Users\H261529\Project\BHP\clint/robots.txt" failed (2: The system cannot find the file specified), client: 127.0.0.1, server: localhost, request: "GET /robots.txt?1672575840540 HTTP/1.1", host: "localhost:8070"
2023/01/01 18:02:21 [error] 12196#19988: *4 CreateFile() "C:\Users\H261529\Project\BHP\clint/robots.txt" failed (2: The system cannot find the file specified), client: 127.0.0.1, server: localhost, request: "GET /robots.txt?1672576341359 HTTP/1.1", host: "localhost:8070"
2023/01/01 18:17:46 [error] 20020#18628: *4 CreateFile() "C:\Users\H261529\Project\BHP\clint/robots.txt" failed (2: The system cannot find the file specified), client: 127.0.0.1, server: localhost, request: "GET /robots.txt?1672577266060 HTTP/1.1", host: "localhost:8070"
2023/01/01 18:38:10 [error] 9260#18072: *4 CreateFile() "C:\Users\H261529\Project\BHP\clint/robots.txt" failed (2: The system cannot find the file specified), client: 127.0.0.1, server: localhost, request: "GET /robots.txt?1672578490565 HTTP/1.1", host: "localhost:8070"
2023/01/01 18:38:16 [error] 9260#18072: *4 CreateFile() "C:\Users\H261529\Project\BHP\clint/robots.txt" failed (2: The system cannot find the file specified), client: 127.0.0.1, server: localhost, request: "GET /robots.txt?1672578496252 HTTP/1.1", host: "localhost:8070"
2023/01/01 18:38:17 [error] 9260#18072: *4 CreateFile() "C:\Users\H261529\Project\BHP\clint/robots.txt" failed (2: The system cannot find the file specified), client: 127.0.0.1, server: localhost, request: "GET /robots.txt?1672578497369 HTTP/1.1", host: "localhost:8070"
2023/01/01 18:40:42 [error] 9260#18072: *6 CreateFile() "C:\Users\H261529\Project\BHP\clint/robots.txt" failed (2: The system cannot find the file specified), client: 127.0.0.1, server: localhost, request: "GET /robots.txt?1672578642195 HTTP/1.1", host: "localhost:8070"
2023/01/01 18:40:54 [error] 9260#18072: *6 CreateFile() "C:\Users\H261529\Project\BHP\clint/robots.txt" failed (2: The system cannot find the file specified), client: 127.0.0.1, server: localhost, request: "GET /robots.txt?1672578654894 HTTP/1.1", host: "localhost:8070"
2023/01/01 18:41:21 [error] 9260#18072: *6 CreateFile() "C:\Users\H261529\Project\BHP\clint/robots.txt" failed (2: The system cannot find the file specified), client: 127.0.0.1, server: localhost, request: "GET /robots.txt?1672578681069 HTTP/1.1", host: "localhost:8070"
2023/01/01 18:42:13 [error] 9260#18072: *11 CreateFile() "C:\Users\H261529\Project\BHP\clint/favicon.ico" failed (2: The system cannot find the file specified), client: 127.0.0.1, server: localhost, request: "GET /favicon.ico HTTP/1.1", host: "localhost:8070", referrer: "http://localhost:8070/"
2023/01/01 18:43:55 [error] 12608#6268: *4 CreateFile() "C:\Users\H261529\Project\BHP\clint/robots.txt" failed (2: The system cannot find the file specified), client: 127.0.0.1, server: localhost, request: "GET /robots.txt?1672578834849 HTTP/1.1", host: "localhost:8070"
2023/01/01 18:43:55 [error] 12608#6268: *4 CreateFile() "C:\Users\H261529\Project\BHP\clint/robots.txt" failed (2: The system cannot find the file specified), client: 127.0.0.1, server: localhost, request: "GET /robots.txt?1672578835794 HTTP/1.1", host: "localhost:8070"
2023/01/01 18:52:18 [error] 9132#20004: *3 CreateFile() "C:\Users\H261529\Project\BHP\clint/robots.txt" failed (2: The system cannot find the file specified), client: 127.0.0.1, server: localhost, request: "GET /robots.txt?1672579338242 HTTP/1.1", host: "localhost:8070"
2023/01/01 18:52:20 [error] 9132#20004: *3 CreateFile() "C:\Users\H261529\Project\BHP\clint/robots.txt" failed (2: The system cannot find the file specified), client: 127.0.0.1, server: localhost, request: "GET /robots.txt?1672579340683 HTTP/1.1", host: "localhost:8070"
2023/01/01 18:52:55 [error] 9132#20004: *3 CreateFile() "C:\Users\H261529\Project\BHP\clint/robots.txt" failed (2: The system cannot find the file specified), client: 127.0.0.1, server: localhost, request: "GET /robots.txt?1672579375720 HTTP/1.1", host: "localhost:8070"
2023/01/01 18:53:23 [error] 9132#20004: *3 CreateFile() "C:\Users\H261529\Project\BHP\clint/robots.txt" failed (2: The system cannot find the file specified), client: 127.0.0.1, server: localhost, request: "GET /robots.txt?1672579403030 HTTP/1.1", host: "localhost:8070"
2023/01/01 18:53:52 [error] 9132#20004: *3 CreateFile() "C:\Users\H261529\Project\BHP\clint/robots.txt" failed (2: The system cannot find the file specified), client: 127.0.0.1, server: localhost, request: "GET /robots.txt?1672579432159 HTTP/1.1", host: "localhost:8070"
2023/01/01 19:09:54 [error] 19124#16264: *4 CreateFile() "C:\Users\H261529\Project\BHP\clint/robots.txt" failed (2: The system cannot find the file specified), client: 127.0.0.1, server: localhost, request: "GET /robots.txt?1672580393907 HTTP/1.1", host: "localhost:8070"
2023/01/01 19:09:55 [error] 19124#16264: *4 CreateFile() "C:\Users\H261529\Project\BHP\clint/robots.txt" failed (2: The system cannot find the file specified), client: 127.0.0.1, server: localhost, request: "GET /robots.txt?1672580395913 HTTP/1.1", host: "localhost:8070"
2023/01/01 19:10:17 [error] 19124#16264: *4 CreateFile() "C:\Users\H261529\Project\BHP\clint/robots.txt" failed (2: The system cannot find the file specified), client: 127.0.0.1, server: localhost, request: "GET /robots.txt?1672580417792 HTTP/1.1", host: "localhost:8070"
2023/01/01 19:10:42 [error] 19124#16264: *4 CreateFile() "C:\Users\H261529\Project\BHP\clint/robots.txt" failed (2: The system cannot find the file specified), client: 127.0.0.1, server: localhost, request: "GET /robots.txt?1672580442381 HTTP/1.1", host: "localhost:8070"
2023/01/01 19:10:45 [error] 19124#16264: *4 CreateFile() "C:\Users\H261529\Project\BHP\clint/robots.txt" failed (2: The system cannot find the file specified), client: 127.0.0.1, server: localhost, request: "GET /robots.txt?1672580445353 HTTP/1.1", host: "localhost:8070"
2023/01/01 19:11:09 [error] 19124#16264: *4 CreateFile() "C:\Users\H261529\Project\BHP\clint/robots.txt" failed (2: The system cannot find the file specified), client: 127.0.0.1, server: localhost, request: "GET /robots.txt?1672580469386 HTTP/1.1", host: "localhost:8070"
2023/01/01 19:55:50 [error] 19124#16264: *12 CreateFile() "C:\Users\H261529\Project\BHP\clint/robots.txt" failed (2: The system cannot find the file specified), client: 127.0.0.1, server: localhost, request: "GET /robots.txt?1672583149716 HTTP/1.1", host: "localhost:8070"
2023/01/01 19:56:05 [error] 19124#16264: *12 CreateFile() "C:\Users\H261529\Project\BHP\clint/robots.txt" failed (2: The system cannot find the file specified), client: 127.0.0.1, server: localhost, request: "GET /robots.txt?1672583165423 HTTP/1.1", host: "localhost:8070"
2023/01/01 19:56:07 [error] 19124#16264: *12 CreateFile() "C:\Users\H261529\Project\BHP\clint/robots.txt" failed (2: The system cannot find the file specified), client: 127.0.0.1, server: localhost, request: "GET /robots.txt?1672583167243 HTTP/1.1", host: "localhost:8070"
2023/01/01 21:22:21 [error] 19124#16264: *19 CreateFile() "C:\Users\H261529\Project\BHP\clint/robots.txt" failed (2: The system cannot find the file specified), client: 127.0.0.1, server: localhost, request: "GET /robots.txt?1672588340716 HTTP/1.1", host: "localhost:8070"
2023/01/02 09:47:36 [error] 13612#10600: *1 "C:\Users\H261529\Project\BHP\client/index.html" is not found (3: The system cannot find the path specified), client: 127.0.0.1, server: localhost, request: "GET / HTTP/1.1", host: "localhost:8070", referrer: "http://127.0.0.1:5000/"
2023/01/02 09:47:37 [error] 13612#10600: *4 CreateFile() "C:\Users\H261529\Project\BHP\client/robots.txt" failed (3: The system cannot find the path specified), client: 127.0.0.1, server: localhost, request: "GET /robots.txt?1672633056851 HTTP/1.1", host: "localhost:8070"
2023/01/02 09:47:39 [error] 13612#10600: *1 "C:\Users\H261529\Project\BHP\client/index.html" is not found (3: The system cannot find the path specified), client: 127.0.0.1, server: localhost, request: "GET / HTTP/1.1", host: "localhost:8070", referrer: "http://127.0.0.1:5000/"
2023/01/02 09:47:39 [error] 13612#10600: *4 CreateFile() "C:\Users\H261529\Project\BHP\client/robots.txt" failed (3: The system cannot find the path specified), client: 127.0.0.1, server: localhost, request: "GET /robots.txt?1672633059066 HTTP/1.1", host: "localhost:8070"
2023/01/02 09:48:10 [error] 13612#10600: *1 "C:\Users\H261529\Project\BHP\client/index.html" is not found (3: The system cannot find the path specified), client: 127.0.0.1, server: localhost, request: "GET / HTTP/1.1", host: "localhost:8070", referrer: "http://127.0.0.1:5000/"
2023/01/02 09:48:10 [error] 13612#10600: *4 CreateFile() "C:\Users\H261529\Project\BHP\client/robots.txt" failed (3: The system cannot find the path specified), client: 127.0.0.1, server: localhost, request: "GET /robots.txt?1672633090809 HTTP/1.1", host: "localhost:8070"
2023/01/02 09:50:38 [error] 11524#1572: *5 CreateFile() "C:\Users\H261529\Project\BHP\client/robots.txt" failed (2: The system cannot find the file specified), client: 127.0.0.1, server: localhost, request: "GET /robots.txt?1672633238172 HTTP/1.1", host: "localhost:8070"
2023/01/02 09:51:01 [error] 11524#1572: *5 CreateFile() "C:\Users\H261529\Project\BHP\client/robots.txt" failed (2: The system cannot find the file specified), client: 127.0.0.1, server: localhost, request: "GET /robots.txt?1672633261763 HTTP/1.1", host: "localhost:8070"
2023/01/02 09:52:10 [error] 11524#1572: *11 CreateFile() "C:\Users\H261529\Project\BHP\client/robots.txt" failed (2: The system cannot find the file specified), client: 127.0.0.1, server: localhost, request: "GET /robots.txt?1672633330109 HTTP/1.1", host: "localhost:8070"
2023/01/02 09:52:53 [error] 11524#1572: *11 CreateFile() "C:\Users\H261529\Project\BHP\client/robots.txt" failed (2: The system cannot find the file specified), client: 127.0.0.1, server: localhost, request: "GET /robots.txt?1672633373837 HTTP/1.1", host: "localhost:8070"
2023/01/02 09:54:55 [error] 11524#1572: *17 CreateFile() "C:\Users\H261529\Project\BHP\client/robots.txt" failed (2: The system cannot find the file specified), client: 127.0.0.1, server: localhost, request: "GET /robots.txt?1672633495649 HTTP/1.1", host: "localhost:8070"
2023/01/02 10:13:15 [error] 11524#1572: *23 CreateFile() "C:\Users\H261529\Project\BHP\client/robots.txt" failed (2: The system cannot find the file specified), client: 127.0.0.1, server: localhost, request: "GET /robots.txt?1672634595203 HTTP/1.1", host: "localhost:8070"
2023/01/02 10:14:09 [error] 11524#1572: *23 CreateFile() "C:\Users\H261529\Project\BHP\client/robots.txt" failed (2: The system cannot find the file specified), client: 127.0.0.1, server: localhost, request: "GET /robots.txt?1672634649529 HTTP/1.1", host: "localhost:8070"
2023/01/02 11:52:56 [error] 11524#1572: *30 CreateFile() "C:\Users\H261529\Project\BHP\client/robots.txt" failed (2: The system cannot find the file specified), client: 127.0.0.1, server: localhost, request: "GET /robots.txt?1672640575957 HTTP/1.1", host: "localhost:8070"
2023/01/02 11:53:13 [error] 11524#1572: *30 CreateFile() "C:\Users\H261529\Project\BHP\client/robots.txt" failed (2: The system cannot find the file specified), client: 127.0.0.1, server: localhost, request: "GET /robots.txt?1672640593453 HTTP/1.1", host: "localhost:8070"
2023/01/02 18:30:46 [error] 9000#18172: *3 CreateFile() "C:\Users\H261529\Project\BHP\client/robots.txt" failed (2: The system cannot find the file specified), client: 127.0.0.1, server: localhost, request: "GET /robots.txt?1672664446085 HTTP/1.1", host: "localhost:8070"
2023/01/02 18:30:48 [error] 9000#18172: *3 CreateFile() "C:\Users\H261529\Project\BHP\client/robots.txt" failed (2: The system cannot find the file specified), client: 127.0.0.1, server: localhost, request: "GET /robots.txt?1672664448814 HTTP/1.1", host: "localhost:8070"
2023/01/02 18:30:51 [error] 9000#18172: *1 connect() failed (10061: No connection could be made because the target machine actively refused it) while connecting to upstream, client: 127.0.0.1, server: localhost, request: "GET /api/get_location_names HTTP/1.1", upstream: "http://127.0.0.1:5000/get_location_names", host: "localhost:8070", referrer: "http://localhost:8070/"
2023/01/02 18:30:51 [error] 9000#18172: *3 CreateFile() "C:\Users\H261529\Project\BHP\client/robots.txt" failed (2: The system cannot find the file specified), client: 127.0.0.1, server: localhost, request: "GET /robots.txt?1672664451606 HTTP/1.1", host: "localhost:8070"
2023/01/02 18:30:53 [error] 9000#18172: *1 connect() failed (10061: No connection could be made because the target machine actively refused it) while connecting to upstream, client: 127.0.0.1, server: localhost, request: "GET /api/get_location_names HTTP/1.1", upstream: "http://127.0.0.1:5000/get_location_names", host: "localhost:8070", referrer: "http://localhost:8070/"
2023/01/02 19:05:58 [error] 9000#18172: *11 CreateFile() "C:\Users\H261529\Project\BHP\client/robots.txt" failed (2: The system cannot find the file specified), client: 127.0.0.1, server: localhost, request: "GET /robots.txt?1672666558575 HTTP/1.1", host: "localhost:8070"
2023/01/02 19:06:00 [error] 9000#18172: *7 connect() failed (10061: No connection could be made because the target machine actively refused it) while connecting to upstream, client: 127.0.0.1, server: localhost, request: "GET /api/get_location_names HTTP/1.1", upstream: "http://127.0.0.1:5000/get_location_names", host: "localhost:8070", referrer: "http://localhost:8070/"
2023/01/03 11:19:58 [error] 9000#18172: *17 CreateFile() "C:\Users\H261529\Project\BHP\client/robots.txt" failed (2: The system cannot find the file specified), client: 127.0.0.1, server: localhost, request: "GET /robots.txt?1672724997786 HTTP/1.1", host: "localhost:8070"
2023/01/03 11:20:00 [error] 9000#18172: *13 connect() failed (10061: No connection could be made because the target machine actively refused it) while connecting to upstream, client: 127.0.0.1, server: localhost, request: "GET /api/get_location_names HTTP/1.1", upstream: "http://127.0.0.1:5000/get_location_names", host: "localhost:8070", referrer: "http://localhost:8070/"
2023/01/03 22:27:32 [error] 15396#24160: *1 "C:\Users\H261529\Project\BHP\client/index.html" is not found (3: The system cannot find the path specified), client: 127.0.0.1, server: localhost, request: "GET / HTTP/1.1", host: "localhost:8070"
2023/01/03 22:27:33 [error] 15396#24160: *4 CreateFile() "C:\Users\H261529\Project\BHP\client/robots.txt" failed (3: The system cannot find the path specified), client: 127.0.0.1, server: localhost, request: "GET /robots.txt?1672765052815 HTTP/1.1", host: "localhost:8070"
2023/01/03 22:27:34 [error] 15396#24160: *1 "C:\Users\H261529\Project\BHP\client/index.html" is not found (3: The system cannot find the path specified), client: 127.0.0.1, server: localhost, request: "GET / HTTP/1.1", host: "localhost:8070"
2023/01/03 22:27:34 [error] 15396#24160: *4 CreateFile() "C:\Users\H261529\Project\BHP\client/robots.txt" failed (3: The system cannot find the path specified), client: 127.0.0.1, server: localhost, request: "GET /robots.txt?1672765054610 HTTP/1.1", host: "localhost:8070"
2023/01/03 22:27:54 [error] 15396#24160: *1 "C:\Users\H261529\Project\BHP\client/index.html" is not found (3: The system cannot find the path specified), client: 127.0.0.1, server: localhost, request: "GET / HTTP/1.1", host: "localhost:8070"
2023/01/03 22:27:54 [error] 15396#24160: *4 CreateFile() "C:\Users\H261529\Project\BHP\client/robots.txt" failed (3: The system cannot find the path specified), client: 127.0.0.1, server: localhost, request: "GET /robots.txt?1672765074307 HTTP/1.1", host: "localhost:8070"
2023/01/03 22:27:55 [error] 15396#24160: *1 "C:\Users\H261529\Project\BHP\client/index.html" is not found (3: The system cannot find the path specified), client: 127.0.0.1, server: localhost, request: "GET / HTTP/1.1", host: "localhost:8070"
2023/01/03 22:27:55 [error] 15396#24160: *4 CreateFile() "C:\Users\H261529\Project\BHP\client/robots.txt" failed (3: The system cannot find the path specified), client: 127.0.0.1, server: localhost, request: "GET /robots.txt?1672765075243 HTTP/1.1", host: "localhost:8070"
2023/01/03 22:27:56 [error] 15396#24160: *1 "C:\Users\H261529\Project\BHP\client/index.html" is not found (3: The system cannot find the path specified), client: 127.0.0.1, server: localhost, request: "GET / HTTP/1.1", host: "localhost:8070"
2023/01/03 22:27:56 [error] 15396#24160: *4 CreateFile() "C:\Users\H261529\Project\BHP\client/robots.txt" failed (3: The system cannot find the path specified), client: 127.0.0.1, server: localhost, request: "GET /robots.txt?1672765076008 HTTP/1.1", host: "localhost:8070"
2023/01/03 22:29:14 [error] 21628#23772: *5 CreateFile() "C:\Users\H261529\Project\BangaloreHomePrices\client/robots.txt" failed (2: The system cannot find the file specified), client: 127.0.0.1, server: localhost, request: "GET /robots.txt?1672765153936 HTTP/1.1", host: "localhost:8070"
2023/01/03 22:29:32 [error] 21628#23772: *5 CreateFile() "C:\Users\H261529\Project\BangaloreHomePrices\client/robots.txt" failed (2: The system cannot find the file specified), client: 127.0.0.1, server: localhost, request: "GET /robots.txt?1672765172555 HTTP/1.1", host: "localhost:8070"
2023/01/03 22:29:59 [error] 21628#23772: *5 CreateFile() "C:\Users\H261529\Project\BangaloreHomePrices\client/robots.txt" failed (2: The system cannot find the file specified), client: 127.0.0.1, server: localhost, request: "GET /robots.txt?1672765199974 HTTP/1.1", host: "localhost:8070"
2023/01/03 22:30:01 [error] 21628#23772: *5 CreateFile() "C:\Users\H261529\Project\BangaloreHomePrices\client/robots.txt" failed (2: The system cannot find the file specified), client: 127.0.0.1, server: localhost, request: "GET /robots.txt?1672765201284 HTTP/1.1", host: "localhost:8070"
2023/01/03 22:30:02 [error] 21628#23772: *5 CreateFile() "C:\Users\H261529\Project\BangaloreHomePrices\client/robots.txt" failed (2: The system cannot find the file specified), client: 127.0.0.1, server: localhost, request: "GET /robots.txt?1672765202216 HTTP/1.1", host: "localhost:8070"
2023/01/03 22:30:19 [error] 21628#23772: *5 CreateFile() "C:\Users\H261529\Project\BangaloreHomePrices\client/robots.txt" failed (2: The system cannot find the file specified), client: 127.0.0.1, server: localhost, request: "GET /robots.txt?1672765219291 HTTP/1.1", host: "localhost:8070"
2023/01/03 22:30:36 [error] 21628#23772: *5 CreateFile() "C:\Users\H261529\Project\BangaloreHomePrices\client/robots.txt" failed (2: The system cannot find the file specified), client: 127.0.0.1, server: localhost, request: "GET /robots.txt?1672765236660 HTTP/1.1", host: "localhost:8070"
2023/01/03 22:30:38 [error] 21628#23772: *1 connect() failed (10061: No connection could be made because the target machine actively refused it) while connecting to upstream, client: 127.0.0.1, server: localhost, request: "GET /api/get_location_names HTTP/1.1", upstream: "http://127.0.0.1:5000/get_location_names", host: "localhost:8070", referrer: "http://localhost:8070/"
2023/01/03 22:30:39 [error] 21628#23772: *5 CreateFile() "C:\Users\H261529\Project\BangaloreHomePrices\client/robots.txt" failed (2: The system cannot find the file specified), client: 127.0.0.1, server: localhost, request: "GET /robots.txt?1672765239711 HTTP/1.1", host: "localhost:8070"
2023/01/03 22:30:41 [error] 21628#23772: *1 connect() failed (10061: No connection could be made because the target machine actively refused it) while connecting to upstream, client: 127.0.0.1, server: localhost, request: "GET /api/get_location_names HTTP/1.1", upstream: "http://127.0.0.1:5000/get_location_names", host: "localhost:8070", referrer: "http://localhost:8070/"
2023/01/03 22:30:49 [error] 21628#23772: *5 CreateFile() "C:\Users\H261529\Project\BangaloreHomePrices\client/robots.txt" failed (2: The system cannot find the file specified), client: 127.0.0.1, server: localhost, request: "GET /robots.txt?1672765249910 HTTP/1.1", host: "localhost:8070"
2023/01/03 22:30:51 [error] 21628#23772: *1 connect() failed (10061: No connection could be made because the target machine actively refused it) while connecting to upstream, client: 127.0.0.1, server: localhost, request: "GET /api/get_location_names HTTP/1.1", upstream: "http://127.0.0.1:5000/get_location_names", host: "localhost:8070", referrer: "http://localhost:8070/"
2023/01/03 22:30:52 [error] 21628#23772: *5 CreateFile() "C:\Users\H261529\Project\BangaloreHomePrices\client/robots.txt" failed (2: The system cannot find the file specified), client: 127.0.0.1, server: localhost, request: "GET /robots.txt?1672765252497 HTTP/1.1", host: "localhost:8070"
2023/01/03 22:30:52 [error] 21628#23772: *5 CreateFile() "C:\Users\H261529\Project\BangaloreHomePrices\client/robots.txt" failed (2: The system cannot find the file specified), client: 127.0.0.1, server: localhost, request: "GET /robots.txt?1672765252686 HTTP/1.1", host: "localhost:8070"
2023/01/03 22:30:53 [error] 21628#23772: *5 CreateFile() "C:\Users\H261529\Project\BangaloreHomePrices\client/robots.txt" failed (2: The system cannot find the file specified), client: 127.0.0.1, server: localhost, request: "GET /robots.txt?1672765253229 HTTP/1.1", host: "localhost:8070"
2023/01/03 22:30:58 [error] 21628#23772: *5 CreateFile() "C:\Users\H261529\Project\BangaloreHomePrices\client/robots.txt" failed (2: The system cannot find the file specified), client: 127.0.0.1, server: localhost, request: "GET /robots.txt?1672765258514 HTTP/1.1", host: "localhost:8070"
2023/01/03 22:31:01 [error] 21628#23772: *5 CreateFile() "C:\Users\H261529\Project\BangaloreHomePrices\client/robots.txt" failed (2: The system cannot find the file specified), client: 127.0.0.1, server: localhost, request: "GET /robots.txt?1672765261431 HTTP/1.1", host: "localhost:8070"
2023/01/03 22:31:03 [error] 21628#23772: *20 connect() failed (10061: No connection could be made because the target machine actively refused it) while connecting to upstream, client: 127.0.0.1, server: localhost, request: "GET /api/get_location_names HTTP/1.1", upstream: "http://127.0.0.1:5000/get_location_names", host: "localhost:8070", referrer: "http://localhost:8070/"
2023/01/03 22:31:13 [error] 21628#23772: *5 CreateFile() "C:\Users\H261529\Project\BangaloreHomePrices\client/robots.txt" failed (2: The system cannot find the file specified), client: 127.0.0.1, server: localhost, request: "GET /robots.txt?1672765273129 HTTP/1.1", host: "localhost:8070"
2023/01/03 22:31:15 [error] 21628#23772: *20 connect() failed (10061: No connection could be made because the target machine actively refused it) while connecting to upstream, client: 127.0.0.1, server: localhost, request: "GET /api/get_location_names HTTP/1.1", upstream: "http://127.0.0.1:5000/get_location_names", host: "localhost:8070", referrer: "http://localhost:8070/"
2023/01/03 22:33:09 [error] 21628#23772: *29 CreateFile() "C:\Users\H261529\Project\BangaloreHomePrices\client/robots.txt" failed (2: The system cannot find the file specified), client: 127.0.0.1, server: localhost, request: "GET /robots.txt?1672765389242 HTTP/1.1", host: "localhost:8070"
2023/01/03 22:33:34 [error] 21628#23772: *29 CreateFile() "C:\Users\H261529\Project\BangaloreHomePrices\client/robots.txt" failed (2: The system cannot find the file specified), client: 127.0.0.1, server: localhost, request: "GET /robots.txt?1672765414451 HTTP/1.1", host: "localhost:8070"
2023/01/03 22:33:36 [error] 21628#23772: *29 CreateFile() "C:\Users\H261529\Project\BangaloreHomePrices\client/robots.txt" failed (2: The system cannot find the file specified), client: 127.0.0.1, server: localhost, request: "GET /robots.txt?1672765416535 HTTP/1.1", host: "localhost:8070"
2023/01/03 22:34:57 [error] 21628#23772: *36 CreateFile() "C:\Users\H261529\Project\BangaloreHomePrices\client/robots.txt" failed (2: The system cannot find the file specified), client: 127.0.0.1, server: localhost, request: "GET /robots.txt?1672765497053 HTTP/1.1", host: "localhost:8070"
2023/01/03 22:51:52 [error] 21628#23772: *42 CreateFile() "C:\Users\H261529\Project\BangaloreHomePrices\client/robots.txt" failed (2: The system cannot find the file specified), client: 127.0.0.1, server: localhost, request: "GET /robots.txt?1672766512292 HTTP/1.1", host: "localhost:8070"
2023/01/03 22:57:46 [error] 18180#21860: *5 CreateFile() "C:\Users\H261529\Project\BangloreHomePrices\client/robots.txt" failed (2: The system cannot find the file specified), client: 127.0.0.1, server: localhost, request: "GET /robots.txt?1672766865900 HTTP/1.1", host: "localhost:8070"
2023/01/03 22:57:47 [error] 18180#21860: *5 CreateFile() "C:\Users\H261529\Project\BangloreHomePrices\client/robots.txt" failed (2: The system cannot find the file specified), client: 127.0.0.1, server: localhost, request: "GET /robots.txt?1672766867149 HTTP/1.1", host: "localhost:8070"
2023/01/03 22:58:03 [error] 18180#21860: *5 CreateFile() "C:\Users\H261529\Project\BangloreHomePrices\client/robots.txt" failed (2: The system cannot find the file specified), client: 127.0.0.1, server: localhost, request: "GET /robots.txt?1672766883380 HTTP/1.1", host: "localhost:8070"
2023/01/03 23:30:50 [error] 18180#21860: *13 CreateFile() "C:\Users\H261529\Project\BangloreHomePrices\client/robots.txt" failed (2: The system cannot find the file specified), client: 127.0.0.1, server: localhost, request: "GET /robots.txt?1672768850565 HTTP/1.1", host: "localhost:8070"
2023/01/05 09:20:20 [error] 17752#25504: *1 CreateFile() "C:\Users\H261529\Project\BangloreHomePrices\client/favicon.ico" failed (2: The system cannot find the file specified), client: 127.0.0.1, server: localhost, request: "GET /favicon.ico HTTP/1.1", host: "localhost:8070", referrer: "http://localhost:8070/"
2023/01/05 09:20:20 [error] 17752#25504: *4 CreateFile() "C:\Users\H261529\Project\BangloreHomePrices\client/robots.txt" failed (2: The system cannot find the file specified), client: 127.0.0.1, server: localhost, request: "GET /robots.txt?1672890620230 HTTP/1.1", host: "localhost:8070"
2023/01/05 09:20:25 [error] 17752#25504: *4 CreateFile() "C:\Users\H261529\Project\BangloreHomePrices\client/robots.txt" failed (2: The system cannot find the file specified), client: 127.0.0.1, server: localhost, request: "GET /robots.txt?1672890625796 HTTP/1.1", host: "localhost:8070"
2023/01/05 09:20:27 [error] 17752#25504: *4 CreateFile() "C:\Users\H261529\Project\BangloreHomePrices\client/robots.txt" failed (2: The system cannot find the file specified), client: 127.0.0.1, server: localhost, request: "GET /robots.txt?1672890627434 HTTP/1.1", host: "localhost:8070"
2023/01/05 09:20:28 [error] 17752#25504: *4 CreateFile() "C:\Users\H261529\Project\BangloreHomePrices\client/robots.txt" failed (2: The system cannot find the file specified), client: 127.0.0.1, server: localhost, request: "GET /robots.txt?1672890628532 HTTP/1.1", host: "localhost:8070"
2023/01/05 09:21:28 [error] 17752#25504: *9 CreateFile() "C:\Users\H261529\Project\BangloreHomePrices\client/robots.txt" failed (2: The system cannot find the file specified), client: 127.0.0.1, server: localhost, request: "GET /robots.txt?1672890687897 HTTP/1.1", host: "localhost:8070"
2023/01/05 09:22:04 [error] 17752#25504: *9 CreateFile() "C:\Users\H261529\Project\BangloreHomePrices\client/robots.txt" failed (2: The system cannot find the file specified), client: 127.0.0.1, server: localhost, request: "GET /robots.txt?1672890724566 HTTP/1.1", host: "localhost:8070"
2023/01/05 09:23:18 [error] 17752#25504: *16 CreateFile() "C:\Users\H261529\Project\BangloreHomePrices\client/robots.txt" failed (2: The system cannot find the file specified), client: 127.0.0.1, server: localhost, request: "GET /robots.txt?1672890797967 HTTP/1.1", host: "localhost:8070"
2023/01/05 09:23:20 [error] 17752#25504: *13 connect() failed (10061: No connection could be made because the target machine actively refused it) while connecting to upstream, client: 127.0.0.1, server: localhost, request: "GET /api/get_location_names HTTP/1.1", upstream: "http://127.0.0.1:5000/get_location_names", host: "localhost:8070", referrer: "http://localhost:8070/"
2023/01/05 09:51:19 [error] 22684#24872: *5 CreateFile() "C:\Users\H261529\Project\BangloreHomePrices\client/robots.txt" failed (2: The system cannot find the file specified), client: 127.0.0.1, server: localhost, request: "GET /robots.txt?1672892478847 HTTP/1.1", host: "localhost:8070"
2023/01/05 09:51:20 [error] 22684#24872: *5 CreateFile() "C:\Users\H261529\Project\BangloreHomePrices\client/robots.txt" failed (2: The system cannot find the file specified), client: 127.0.0.1, server: localhost, request: "GET /robots.txt?1672892480393 HTTP/1.1", host: "localhost:8070"
2023/01/05 09:51:22 [error] 22684#24872: *2 connect() failed (10061: No connection could be made because the target machine actively refused it) while connecting to upstream, client: 127.0.0.1, server: localhost, request: "GET /api/get_location_names HTTP/1.1", upstream: "http://127.0.0.1:5000/get_location_names", host: "localhost:8070", referrer: "http://localhost:8070/"
2023/01/05 09:51:40 [error] 22684#24872: *5 CreateFile() "C:\Users\H261529\Project\BangloreHomePrices\client/robots.txt" failed (2: The system cannot find the file specified), client: 127.0.0.1, server: localhost, request: "GET /robots.txt?1672892500753 HTTP/1.1", host: "localhost:8070"
2023/01/05 09:51:43 [error] 22684#24872: *5 CreateFile() "C:\Users\H261529\Project\BangloreHomePrices\client/robots.txt" failed (2: The system cannot find the file specified), client: 127.0.0.1, server: localhost, request: "GET /robots.txt?1672892503915 HTTP/1.1", host: "localhost:8070"
2023/01/05 09:51:45 [error] 22684#24872: *5 CreateFile() "C:\Users\H261529\Project\BangloreHomePrices\client/robots.txt" failed (2: The system cannot find the file specified), client: 127.0.0.1, server: localhost, request: "GET /robots.txt?1672892505211 HTTP/1.1", host: "localhost:8070"
2023/01/05 09:51:53 [error] 22684#24872: *5 CreateFile() "C:\Users\H261529\Project\BangloreHomePrices\client/robots.txt" failed (2: The system cannot find the file specified), client: 127.0.0.1, server: localhost, request: "GET /robots.txt?1672892513917 HTTP/1.1", host: "localhost:8070"
2023/01/05 09:51:55 [error] 22684#24872: *5 CreateFile() "C:\Users\H261529\Project\BangloreHomePrices\client/robots.txt" failed (2: The system cannot find the file specified), client: 127.0.0.1, server: localhost, request: "GET /robots.txt?1672892515012 HTTP/1.1", host: "localhost:8070"
2023/01/05 09:52:13 [error] 3844#2904: *5 CreateFile() "C:\Users\H261529\Project\BangloreHomePrices\client/robots.txt" failed (2: The system cannot find the file specified), client: 127.0.0.1, server: localhost, request: "GET /robots.txt?1672892532835 HTTP/1.1", host: "localhost:8070"
2023/01/05 09:52:32 [error] 3844#2904: *5 CreateFile() "C:\Users\H261529\Project\BangloreHomePrices\client/robots.txt" failed (2: The system cannot find the file specified), client: 127.0.0.1, server: localhost, request: "GET /robots.txt?1672892552207 HTTP/1.1", host: "localhost:8070"
2023/01/05 09:55:22 [error] 27568#23340: *5 CreateFile() "C:\Users\H261529\Project\BangloreHomePrices\client/robots.txt" failed (2: The system cannot find the file specified), client: 127.0.0.1, server: localhost, request: "GET /robots.txt?1672892722663 HTTP/1.1", host: "localhost:8070"
2023/01/05 09:55:24 [error] 27568#23340: *1 connect() failed (10061: No connection could be made because the target machine actively refused it) while connecting to upstream, client: 127.0.0.1, server: localhost, request: "GET /api/get_location_names HTTP/1.1", upstream: "http://127.0.0.1:5000/get_location_names", host: "localhost:8070", referrer: "http://localhost:8070/"
2023/01/05 09:55:39 [error] 27568#23340: *5 CreateFile() "C:\Users\H261529\Project\BangloreHomePrices\client/robots.txt" failed (2: The system cannot find the file specified), client: 127.0.0.1, server: localhost, request: "GET /robots.txt?1672892739656 HTTP/1.1", host: "localhost:8070"
2023/01/05 09:55:42 [error] 27568#23340: *5 CreateFile() "C:\Users\H261529\Project\BangloreHomePrices\client/robots.txt" failed (2: The system cannot find the file specified), client: 127.0.0.1, server: localhost, request: "GET /robots.txt?1672892742157 HTTP/1.1", host: "localhost:8070"
2023/01/05 09:55:48 [error] 27568#23340: *5 CreateFile() "C:\Users\H261529\Project\BangloreHomePrices\client/robots.txt" failed (2: The system cannot find the file specified), client: 127.0.0.1, server: localhost, request: "GET /robots.txt?1672892748724 HTTP/1.1", host: "localhost:8070"
2023/01/05 09:57:11 [error] 27568#23340: *14 CreateFile() "C:\Users\H261529\Project\BangloreHomePrices\client/robots.txt" failed (2: The system cannot find the file specified), client: 127.0.0.1, server: localhost, request: "GET /robots.txt?1672892831454 HTTP/1.1", host: "localhost:8070"
2023/01/05 09:59:21 [error] 27568#23340: *27 CreateFile() "C:\Users\H261529\Project\BangloreHomePrices\client/robots.txt" failed (2: The system cannot find the file specified), client: 127.0.0.1, server: localhost, request: "GET /robots.txt?1672892961055 HTTP/1.1", host: "localhost:8070"
2023/01/05 10:04:20 [error] 27568#23340: *34 CreateFile() "C:\Users\H261529\Project\BangloreHomePrices\client/robots.txt" failed (2: The system cannot find the file specified), client: 127.0.0.1, server: localhost, request: "GET /robots.txt?1672893260663 HTTP/1.1", host: "localhost:8070"
2023/01/05 10:04:53 [error] 12316#23924: *5 CreateFile() "C:\Users\H261529\Project\BangloreHomePrices\client/robots.txt" failed (2: The system cannot find the file specified), client: 127.0.0.1, server: localhost, request: "GET /robots.txt?1672893293277 HTTP/1.1", host: "localhost:8070"
2023/01/05 10:04:55 [error] 12316#23924: *5 CreateFile() "C:\Users\H261529\Project\BangloreHomePrices\client/robots.txt" failed (2: The system cannot find the file specified), client: 127.0.0.1, server: localhost, request: "GET /robots.txt?1672893295489 HTTP/1.1", host: "localhost:8070"
2023/01/05 10:04:57 [error] 12316#23924: *2 connect() failed (10061: No connection could be made because the target machine actively refused it) while connecting to upstream, client: 127.0.0.1, server: localhost, request: "GET /api/get_location_names HTTP/1.1", upstream: "http://127.0.0.1:5000/get_location_names", host: "localhost:8070", referrer: "http://localhost:8070/"
2023/01/05 10:05:12 [error] 12316#23924: *5 CreateFile() "C:\Users\H261529\Project\BangloreHomePrices\client/robots.txt" failed (2: The system cannot find the file specified), client: 127.0.0.1, server: localhost, request: "GET /robots.txt?1672893312187 HTTP/1.1", host: "localhost:8070"
2023/01/05 10:06:40 [error] 12316#23924: *13 CreateFile() "C:\Users\H261529\Project\BangloreHomePrices\client/robots.txt" failed (2: The system cannot find the file specified), client: 127.0.0.1, server: localhost, request: "GET /robots.txt?1672893400669 HTTP/1.1", host: "localhost:8070"
2023/01/05 10:07:38 [error] 20868#17984: *5 CreateFile() "C:\Users\H261529\Project\BangloreHomePrices\client/robots.txt" failed (2: The system cannot find the file specified), client: 127.0.0.1, server: localhost, request: "GET /robots.txt?1672893458628 HTTP/1.1", host: "localhost:8070"
2023/01/05 10:07:40 [error] 20868#17984: *5 CreateFile() "C:\Users\H261529\Project\BangloreHomePrices\client/robots.txt" failed (2: The system cannot find the file specified), client: 127.0.0.1, server: localhost, request: "GET /robots.txt?1672893460516 HTTP/1.1", host: "localhost:8070"
2023/01/05 10:07:41 [error] 20868#17984: *5 CreateFile() "C:\Users\H261529\Project\BangloreHomePrices\client/robots.txt" failed (2: The system cannot find the file specified), client: 127.0.0.1, server: localhost, request: "GET /robots.txt?1672893461682 HTTP/1.1", host: "localhost:8070"
2023/01/05 10:07:42 [error] 20868#17984: *5 CreateFile() "C:\Users\H261529\Project\BangloreHomePrices\client/robots.txt" failed (2: The system cannot find the file specified), client: 127.0.0.1, server: localhost, request: "GET /robots.txt?1672893462597 HTTP/1.1", host: "localhost:8070"
2023/01/05 10:08:03 [error] 20868#17984: *5 CreateFile() "C:\Users\H261529\Project\BangloreHomePrices\client/robots.txt" failed (2: The system cannot find the file specified), client: 127.0.0.1, server: localhost, request: "GET /robots.txt?1672893483085 HTTP/1.1", host: "localhost:8070"
2023/01/05 10:13:47 [error] 20868#17984: *15 CreateFile() "C:\Users\H261529\Project\BangloreHomePrices\client/robots.txt" failed (2: The system cannot find the file specified), client: 127.0.0.1, server: localhost, request: "GET /robots.txt?1672893827252 HTTP/1.1", host: "localhost:8070"
2023/01/05 10:13:49 [error] 20868#17984: *15 CreateFile() "C:\Users\H261529\Project\BangloreHomePrices\client/robots.txt" failed (2: The system cannot find the file specified), client: 127.0.0.1, server: localhost, request: "GET /robots.txt?1672893829445 HTTP/1.1", host: "localhost:8070"
2023/01/05 10:13:50 [error] 20868#17984: *15 CreateFile() "C:\Users\H261529\Project\BangloreHomePrices\client/robots.txt" failed (2: The system cannot find the file specified), client: 127.0.0.1, server: localhost, request: "GET /robots.txt?1672893830559 HTTP/1.1", host: "localhost:8070"
2023/01/05 10:19:21 [error] 20868#17984: *23 CreateFile() "C:\Users\H261529\Project\BangloreHomePrices\client/robots.txt" failed (2: The system cannot find the file specified), client: 127.0.0.1, server: localhost, request: "GET /robots.txt?1672894161650 HTTP/1.1", host: "localhost:8070"
2023/01/05 10:19:57 [error] 20868#17984: *23 CreateFile() "C:\Users\H261529\Project\BangloreHomePrices\client/robots.txt" failed (2: The system cannot find the file specified), client: 127.0.0.1, server: localhost, request: "GET /robots.txt?1672894197592 HTTP/1.1", host: "localhost:8070"
2023/01/05 10:22:48 [error] 20868#17984: *30 CreateFile() "C:\Users\H261529\Project\BangloreHomePrices\client/robots.txt" failed (2: The system cannot find the file specified), client: 127.0.0.1, server: localhost, request: "GET /robots.txt?1672894368640 HTTP/1.1", host: "localhost:8070"
2023/01/05 10:22:50 [error] 20868#17984: *30 CreateFile() "C:\Users\H261529\Project\BangloreHomePrices\client/robots.txt" failed (2: The system cannot find the file specified), client: 127.0.0.1, server: localhost, request: "GET /robots.txt?1672894370461 HTTP/1.1", host: "localhost:8070"
2023/01/05 10:26:13 [error] 20868#17984: *37 CreateFile() "C:\Users\H261529\Project\BangloreHomePrices\client/robots.txt" failed (2: The system cannot find the file specified), client: 127.0.0.1, server: localhost, request: "GET /robots.txt?1672894572755 HTTP/1.1", host: "localhost:8070"
2023/01/05 10:29:37 [error] 9256#4108: *5 CreateFile() "C:\Users\H261529\Project\BangloreHomePrices\client/robots.txt" failed (2: The system cannot find the file specified), client: 127.0.0.1, server: localhost, request: "GET /robots.txt?1672894777130 HTTP/1.1", host: "localhost:8070"
2023/01/05 10:30:11 [error] 9256#4108: *5 CreateFile() "C:\Users\H261529\Project\BangloreHomePrices\client/robots.txt" failed (2: The system cannot find the file specified), client: 127.0.0.1, server: localhost, request: "GET /robots.txt?1672894811400 HTTP/1.1", host: "localhost:8070"
2023/01/05 10:33:45 [error] 9256#4108: *16 CreateFile() "C:\Users\H261529\Project\BangloreHomePrices\client/robots.txt" failed (2: The system cannot find the file specified), client: 127.0.0.1, server: localhost, request: "GET /robots.txt?1672895024871 HTTP/1.1", host: "localhost:8070"
2023/01/05 10:34:47 [error] 25972#11784: *4 CreateFile() "C:\Users\H261529\Project\BangloreHomePrices\client/robots.txt" failed (2: The system cannot find the file specified), client: 127.0.0.1, server: localhost, request: "GET /robots.txt?1672895086870 HTTP/1.1", host: "localhost:8070"
2023/01/05 10:34:49 [error] 25972#11784: *1 connect() failed (10061: No connection could be made because the target machine actively refused it) while connecting to upstream, client: 127.0.0.1, server: localhost, request: "GET /api/get_location_names HTTP/1.1", upstream: "http://127.0.0.1:5000/get_location_names", host: "localhost:8070", referrer: "http://localhost:8070/"
2023/01/05 10:34:57 [error] 25972#11784: *4 CreateFile() "C:\Users\H261529\Project\BangloreHomePrices\client/robots.txt" failed (2: The system cannot find the file specified), client: 127.0.0.1, server: localhost, request: "GET /robots.txt?1672895097593 HTTP/1.1", host: "localhost:8070"
2023/01/05 10:41:21 [error] 25972#11784: *13 CreateFile() "C:\Users\H261529\Project\BangloreHomePrices\client/robots.txt" failed (2: The system cannot find the file specified), client: 127.0.0.1, server: localhost, request: "GET /robots.txt?1672895481255 HTTP/1.1", host: "localhost:8070"
2023/01/05 10:43:30 [error] 25972#11784: *20 CreateFile() "C:\Users\H261529\Project\BangloreHomePrices\client/robots.txt" failed (2: The system cannot find the file specified), client: 127.0.0.1, server: localhost, request: "GET /robots.txt?1672895610506 HTTP/1.1", host: "localhost:8070"
2023/01/05 10:44:00 [error] 25148#21824: *5 CreateFile() "C:\Users\H261529\Project\BangloreHomePrices\client/robots.txt" failed (2: The system cannot find the file specified), client: 127.0.0.1, server: localhost, request: "GET /robots.txt?1672895640437 HTTP/1.1", host: "localhost:8070"
2023/01/05 10:44:02 [error] 25148#21824: *1 connect() failed (10061: No connection could be made because the target machine actively refused it) while connecting to upstream, client: 127.0.0.1, server: localhost, request: "GET /api/get_location_names HTTP/1.1", upstream: "http://127.0.0.1:5000/get_location_names", host: "localhost:8070", referrer: "http://localhost:8070/"
2023/01/05 10:44:05 [error] 25148#21824: *5 CreateFile() "C:\Users\H261529\Project\BangloreHomePrices\client/robots.txt" failed (2: The system cannot find the file specified), client: 127.0.0.1, server: localhost, request: "GET /robots.txt?1672895645616 HTTP/1.1", host: "localhost:8070"
2023/01/05 10:44:07 [error] 25148#21824: *1 connect() failed (10061: No connection could be made because the target machine actively refused it) while connecting to upstream, client: 127.0.0.1, server: localhost, request: "GET /api/get_location_names HTTP/1.1", upstream: "http://127.0.0.1:5000/get_location_names", host: "localhost:8070", referrer: "http://localhost:8070/"
2023/01/05 10:44:26 [error] 25148#21824: *5 CreateFile() "C:\Users\H261529\Project\BangloreHomePrices\client/robots.txt" failed (2: The system cannot find the file specified), client: 127.0.0.1, server: localhost, request: "GET /robots.txt?1672895666365 HTTP/1.1", host: "localhost:8070"
2023/01/05 10:45:55 [error] 25148#21824: *13 CreateFile() "C:\Users\H261529\Project\BangloreHomePrices\client/robots.txt" failed (2: The system cannot find the file specified), client: 127.0.0.1, server: localhost, request: "GET /robots.txt?1672895755047 HTTP/1.1", host: "localhost:8070"
2023/01/05 10:48:28 [error] 15648#19128: *5 CreateFile() "C:\Users\H261529\Project\BangloreHomePrices\client/robots.txt" failed (2: The system cannot find the file specified), client: 127.0.0.1, server: localhost, request: "GET /robots.txt?1672895908324 HTTP/1.1", host: "localhost:8070"
2023/01/05 10:48:30 [error] 15648#19128: *1 connect() failed (10061: No connection could be made because the target machine actively refused it) while connecting to upstream, client: 127.0.0.1, server: localhost, request: "GET /api/get_location_names HTTP/1.1", upstream: "http://127.0.0.1:5000/get_location_names", host: "localhost:8070", referrer: "http://localhost:8070/"
2023/01/05 10:48:41 [error] 15648#19128: *5 CreateFile() "C:\Users\H261529\Project\BangloreHomePrices\client/robots.txt" failed (2: The system cannot find the file specified), client: 127.0.0.1, server: localhost, request: "GET /robots.txt?1672895921656 HTTP/1.1", host: "localhost:8070"
2023/01/05 10:54:29 [error] 15648#19128: *13 CreateFile() "C:\Users\H261529\Project\BangloreHomePrices\client/robots.txt" failed (2: The system cannot find the file specified), client: 127.0.0.1, server: localhost, request: "GET /robots.txt?1672896268793 HTTP/1.1", host: "localhost:8070"
